###############################################################################
#
# IAR ELF Linker V9.10.1.308/W64 for ARM                  04/Jun/2021  03:56:11
# Copyright 2007-2021 IAR Systems AB.
#
#    Output file  =
#        C:\Users\charl\Documents\gitrepos\ELEN509\Projects\FinalProject\EWARM\FinalProject\Exe\FinalProject.out
#    Map file     =
#        C:\Users\charl\Documents\gitrepos\ELEN509\Projects\FinalProject\EWARM\FinalProject\List\FinalProject.map
#    Command line =
#        -f
#        C:\Users\charl\Documents\gitrepos\ELEN509\Projects\FinalProject\EWARM\FinalProject\Exe\FinalProject.out.rsp
#        (C:\Users\charl\Documents\gitrepos\ELEN509\Projects\FinalProject\EWARM\FinalProject\Obj\Application\User\Core\main.o
#        C:\Users\charl\Documents\gitrepos\ELEN509\Projects\FinalProject\EWARM\FinalProject\Obj\Application\EWARM\startup_stm32g070xx.o
#        C:\Users\charl\Documents\gitrepos\ELEN509\Projects\FinalProject\EWARM\FinalProject\Obj\Drivers\STM32G0xx_HAL_Driver\stm32g0xx_hal.o
#        C:\Users\charl\Documents\gitrepos\ELEN509\Projects\FinalProject\EWARM\FinalProject\Obj\Drivers\STM32G0xx_HAL_Driver\stm32g0xx_hal_cortex.o
#        C:\Users\charl\Documents\gitrepos\ELEN509\Projects\FinalProject\EWARM\FinalProject\Obj\Drivers\STM32G0xx_HAL_Driver\stm32g0xx_hal_dma.o
#        C:\Users\charl\Documents\gitrepos\ELEN509\Projects\FinalProject\EWARM\FinalProject\Obj\Drivers\STM32G0xx_HAL_Driver\stm32g0xx_hal_dma_ex.o
#        C:\Users\charl\Documents\gitrepos\ELEN509\Projects\FinalProject\EWARM\FinalProject\Obj\Drivers\STM32G0xx_HAL_Driver\stm32g0xx_hal_exti.o
#        C:\Users\charl\Documents\gitrepos\ELEN509\Projects\FinalProject\EWARM\FinalProject\Obj\Drivers\STM32G0xx_HAL_Driver\stm32g0xx_hal_flash.o
#        C:\Users\charl\Documents\gitrepos\ELEN509\Projects\FinalProject\EWARM\FinalProject\Obj\Drivers\STM32G0xx_HAL_Driver\stm32g0xx_hal_flash_ex.o
#        C:\Users\charl\Documents\gitrepos\ELEN509\Projects\FinalProject\EWARM\FinalProject\Obj\Drivers\STM32G0xx_HAL_Driver\stm32g0xx_hal_gpio.o
#        C:\Users\charl\Documents\gitrepos\ELEN509\Projects\FinalProject\EWARM\FinalProject\Obj\Application\User\Core\stm32g0xx_hal_msp.o
#        C:\Users\charl\Documents\gitrepos\ELEN509\Projects\FinalProject\EWARM\FinalProject\Obj\Drivers\STM32G0xx_HAL_Driver\stm32g0xx_hal_pwr.o
#        C:\Users\charl\Documents\gitrepos\ELEN509\Projects\FinalProject\EWARM\FinalProject\Obj\Drivers\STM32G0xx_HAL_Driver\stm32g0xx_hal_pwr_ex.o
#        C:\Users\charl\Documents\gitrepos\ELEN509\Projects\FinalProject\EWARM\FinalProject\Obj\Drivers\STM32G0xx_HAL_Driver\stm32g0xx_hal_rcc.o
#        C:\Users\charl\Documents\gitrepos\ELEN509\Projects\FinalProject\EWARM\FinalProject\Obj\Drivers\STM32G0xx_HAL_Driver\stm32g0xx_hal_rcc_ex.o
#        C:\Users\charl\Documents\gitrepos\ELEN509\Projects\FinalProject\EWARM\FinalProject\Obj\Drivers\STM32G0xx_HAL_Driver\stm32g0xx_hal_tim.o
#        C:\Users\charl\Documents\gitrepos\ELEN509\Projects\FinalProject\EWARM\FinalProject\Obj\Drivers\STM32G0xx_HAL_Driver\stm32g0xx_hal_tim_ex.o
#        C:\Users\charl\Documents\gitrepos\ELEN509\Projects\FinalProject\EWARM\FinalProject\Obj\Drivers\STM32G0xx_HAL_Driver\stm32g0xx_hal_uart.o
#        C:\Users\charl\Documents\gitrepos\ELEN509\Projects\FinalProject\EWARM\FinalProject\Obj\Drivers\STM32G0xx_HAL_Driver\stm32g0xx_hal_uart_ex.o
#        C:\Users\charl\Documents\gitrepos\ELEN509\Projects\FinalProject\EWARM\FinalProject\Obj\Application\User\Core\stm32g0xx_it.o
#        C:\Users\charl\Documents\gitrepos\ELEN509\Projects\FinalProject\EWARM\FinalProject\Obj\Drivers\STM32G0xx_HAL_Driver\stm32g0xx_ll_dma.o
#        C:\Users\charl\Documents\gitrepos\ELEN509\Projects\FinalProject\EWARM\FinalProject\Obj\Drivers\STM32G0xx_HAL_Driver\stm32g0xx_ll_rcc.o
#        C:\Users\charl\Documents\gitrepos\ELEN509\Projects\FinalProject\EWARM\FinalProject\Obj\Drivers\CMSIS\system_stm32g0xx.o
#        --no_out_extension -o
#        C:\Users\charl\Documents\gitrepos\ELEN509\Projects\FinalProject\EWARM\FinalProject\Exe\FinalProject.out
#        --redirect _Printf=_PrintfFullNoMb --redirect _Scanf=_ScanfFullNoMb
#        --map
#        C:\Users\charl\Documents\gitrepos\ELEN509\Projects\FinalProject\EWARM\FinalProject\List\FinalProject.map
#        --config
#        C:\Users\charl\Documents\gitrepos\ELEN509\Projects\FinalProject\EWARM/stm32g070xx_flash.icf
#        --semihosting --entry __iar_program_start --vfe --text_out locale)
#
###############################################################################

*******************************************************************************
*** RUNTIME MODEL ATTRIBUTES
***

CppFlavor       = *
__SystemLibrary = DLib
__dlib_version  = 6


*******************************************************************************
*** HEAP SELECTION
***

The basic heap was selected because some modules are built with
size limitations (and not runtime checking), and --advanced_heap
was not specified.


*******************************************************************************
*** PLACEMENT SUMMARY
***

"A0":  place at address 0x800'0000 { ro section .intvec };
"P1":  place in [from 0x800'0000 to 0x801'ffff] { ro };
define block CSTACK with size = 1K, alignment = 8 { };
define block HEAP with size = 512, alignment = 8 { };
"P2":  place in [from 0x2000'0000 to 0x2000'8fff] {
          rw, block CSTACK, block HEAP };
initialize by copy { rw };

  Section            Kind         Address    Size  Object
  -------            ----         -------    ----  ------
"A0":                                        0xb8
  .intvec            ro code   0x800'0000    0xb8  startup_stm32g070xx.o [1]
                             - 0x800'00b8    0xb8

"P1":                                      0x1f94
  .text              ro code   0x800'00b8   0x7dc  stm32g0xx_hal_rcc.o [4]
  .text              ro code   0x800'0894     0xc  stm32g0xx_hal.o [4]
  .text              ro code   0x800'08a0    0xe0  I32DivModFast.o [6]
  .text              ro code   0x800'0980    0x64  stm32g0xx_hal.o [4]
  .text              ro code   0x800'09e4     0x2  IntDivZer.o [6]
  .text              ro code   0x800'09e6     0x2  startup_stm32g070xx.o [1]
  .text              ro code   0x800'09e8    0xf4  stm32g0xx_hal_cortex.o [4]
  .text              ro code   0x800'0adc   0x4f4  stm32g0xx_hal_uart.o [4]
  .text              ro code   0x800'0fd0   0x138  stm32g0xx_hal_msp.o [2]
  .text              ro code   0x800'1108    0x48  stm32g0xx_hal.o [4]
  .text              ro code   0x800'1150    0x14  memset.o [6]
  .text              ro code   0x800'1164   0x1fc  stm32g0xx_hal_gpio.o [4]
  .text              ro code   0x800'1360    0x4e  ABImemset.o [6]
  .text              ro code   0x800'13ae     0x2  startup_stm32g070xx.o [1]
  .text              ro code   0x800'13b0   0x2ae  main.o [2]
  .text              ro code   0x800'165e     0x2  startup_stm32g070xx.o [1]
  .text              ro code   0x800'1660   0x296  stm32g0xx_hal_tim.o [4]
  .text              ro code   0x800'18f6     0x2  startup_stm32g070xx.o [1]
  .text              ro code   0x800'18f8    0x58  stm32g0xx_hal_pwr_ex.o [4]
  .text              ro code   0x800'1950   0x1dc  stm32g0xx_hal_rcc_ex.o [4]
  .text              ro code   0x800'1b2c   0x160  stm32g0xx_hal_tim_ex.o [4]
  .text              ro code   0x800'1c8c   0x194  stm32g0xx_hal_uart_ex.o [4]
  .rodata            const     0x800'1e20    0x40  system_stm32g0xx.o [3]
  .text              ro code   0x800'1e60    0x3c  zero_init3.o [6]
  .text              ro code   0x800'1e9c    0x30  copy_init3.o [6]
  .text              ro code   0x800'1ecc    0x28  data_init.o [6]
  .iar.init_table    const     0x800'1ef4    0x24  - Linker created -
  .rodata            const     0x800'1f18    0x20  system_stm32g0xx.o [3]
  .text              ro code   0x800'1f38    0x1e  cmain.o [6]
  .text              ro code   0x800'1f56     0x4  low_level_init.o [5]
  .text              ro code   0x800'1f5a     0x8  exit.o [5]
  .text              ro code   0x800'1f62     0x2  startup_stm32g070xx.o [1]
  .text              ro code   0x800'1f64     0xa  cexit.o [6]
  .text              ro code   0x800'1f6e     0x2  startup_stm32g070xx.o [1]
  .text              ro code   0x800'1f70    0x14  exit.o [7]
  .text              ro code   0x800'1f84    0x1c  cstartup_M.o [6]
  .rodata            const     0x800'1fa0    0x18  stm32g0xx_hal_uart.o [4]
  .text              ro code   0x800'1fb8    0x18  stm32g0xx_hal.o [4]
  .text              ro code   0x800'1fd0    0x14  stm32g0xx_it.o [2]
  .text              ro code   0x800'1fe4    0x10  startup_stm32g070xx.o [1]
  .text              ro code   0x800'1ff4    0x10  system_stm32g0xx.o [3]
  Initializer bytes  const     0x800'2004     0xc  <for P2-1>
  .text              ro code   0x800'2010     0x2  startup_stm32g070xx.o [1]
  .rodata            const     0x800'2014     0x8  stm32g0xx_hal_uart_ex.o [4]
  .rodata            const     0x800'201c     0x8  stm32g0xx_hal_uart_ex.o [4]
  .text              ro code   0x800'2024     0x2  startup_stm32g070xx.o [1]
  .text              ro code   0x800'2026     0x2  startup_stm32g070xx.o [1]
  .text              ro code   0x800'2028     0x2  startup_stm32g070xx.o [1]
  .text              ro code   0x800'202a     0x2  startup_stm32g070xx.o [1]
  .text              ro code   0x800'202c     0x2  startup_stm32g070xx.o [1]
  .text              ro code   0x800'202e     0x2  startup_stm32g070xx.o [1]
  .text              ro code   0x800'2030     0x2  startup_stm32g070xx.o [1]
  .text              ro code   0x800'2032     0x2  startup_stm32g070xx.o [1]
  .text              ro code   0x800'2034     0x2  startup_stm32g070xx.o [1]
  .text              ro code   0x800'2036     0x2  startup_stm32g070xx.o [1]
  .text              ro code   0x800'2038     0x2  startup_stm32g070xx.o [1]
  .text              ro code   0x800'203a     0x2  startup_stm32g070xx.o [1]
  .text              ro code   0x800'203c     0x2  startup_stm32g070xx.o [1]
  .text              ro code   0x800'203e     0x2  startup_stm32g070xx.o [1]
  .text              ro code   0x800'2040     0x2  startup_stm32g070xx.o [1]
  .text              ro code   0x800'2042     0x2  startup_stm32g070xx.o [1]
  .text              ro code   0x800'2044     0x2  startup_stm32g070xx.o [1]
  .text              ro code   0x800'2046     0x2  startup_stm32g070xx.o [1]
  .text              ro code   0x800'2048     0x2  startup_stm32g070xx.o [1]
  .text              ro code   0x800'204a     0x2  startup_stm32g070xx.o [1]
  .rodata            const     0x800'204c     0x0  zero_init3.o [6]
  .rodata            const     0x800'204c     0x0  copy_init3.o [6]
                             - 0x800'204c  0x1f94

"P2", part 1 of 3:                            0xc
  P2-1                        0x2000'0000     0x9  <Init block>
    .data            inited   0x2000'0000     0x4  stm32g0xx_hal.o [4]
    .data            inited   0x2000'0004     0x4  system_stm32g0xx.o [3]
    .data            inited   0x2000'0008     0x1  stm32g0xx_hal.o [4]
                            - 0x2000'0009     0x9

"P2", part 2 of 3:                           0xe4
  .bss               zero     0x2000'000c    0x90  main.o [2]
  .bss               zero     0x2000'009c    0x4c  main.o [2]
  .bss               zero     0x2000'00e8     0x4  stm32g0xx_hal.o [4]
  .bss               zero     0x2000'00ec     0x2  main.o [2]
                            - 0x2000'00ee    0xe2

"P2", part 3 of 3:                          0x400
  CSTACK                      0x2000'00f0   0x400  <Block>
    CSTACK           uninit   0x2000'00f0   0x400  <Block tail>
                            - 0x2000'04f0   0x400

Unused ranges:

         From           To      Size
         ----           --      ----
   0x800'204c   0x801'ffff  0x1'dfb4
  0x2000'04f0  0x2000'8fff    0x8b10


*******************************************************************************
*** INIT TABLE
***

          Address      Size
          -------      ----
Zero (__iar_zero_init3)
    1 destination range, total size 0xe2:
          0x2000'000c  0xe2

Copy (__iar_copy_init3)
    1 source range, total size 0xc (133% of destination):
           0x800'2004   0xc
    1 destination range, total size 0x9:
          0x2000'0000   0x9



*******************************************************************************
*** MODULE SUMMARY
***

    Module                   ro code  ro data  rw data
    ------                   -------  -------  -------
command line/config:
    --------------------------------------------------
    Total:

C:\Users\charl\Documents\gitrepos\ELEN509\Projects\FinalProject\EWARM\FinalProject\Obj\Application\EWARM: [1]
    startup_stm32g070xx.o        254
    --------------------------------------------------
    Total:                       254

C:\Users\charl\Documents\gitrepos\ELEN509\Projects\FinalProject\EWARM\FinalProject\Obj\Application\User\Core: [2]
    main.o                       686               222
    stm32g0xx_hal_msp.o          312
    stm32g0xx_it.o                20
    --------------------------------------------------
    Total:                     1'018               222

C:\Users\charl\Documents\gitrepos\ELEN509\Projects\FinalProject\EWARM\FinalProject\Obj\Drivers\CMSIS: [3]
    system_stm32g0xx.o            16      100        4
    --------------------------------------------------
    Total:                        16      100        4

C:\Users\charl\Documents\gitrepos\ELEN509\Projects\FinalProject\EWARM\FinalProject\Obj\Drivers\STM32G0xx_HAL_Driver: [4]
    stm32g0xx_hal.o              208        5        9
    stm32g0xx_hal_cortex.o       244
    stm32g0xx_hal_gpio.o         508
    stm32g0xx_hal_pwr_ex.o        88
    stm32g0xx_hal_rcc.o        2'012
    stm32g0xx_hal_rcc_ex.o       476
    stm32g0xx_hal_tim.o          662
    stm32g0xx_hal_tim_ex.o       352
    stm32g0xx_hal_uart.o       1'268       24
    stm32g0xx_hal_uart_ex.o      404       16
    --------------------------------------------------
    Total:                     6'222       45        9

dl6M_tln.a: [5]
    exit.o                         8
    low_level_init.o               4
    --------------------------------------------------
    Total:                        12

rt6M_tl.a: [6]
    ABImemset.o                   78
    I32DivModFast.o              224
    IntDivZer.o                    2
    cexit.o                       10
    cmain.o                       30
    copy_init3.o                  48
    cstartup_M.o                  28
    data_init.o                   40
    memset.o                      20
    zero_init3.o                  60
    --------------------------------------------------
    Total:                       540

shb_l.a: [7]
    exit.o                        20
    --------------------------------------------------
    Total:                        20

    Gaps                                    2
    Linker created                         39    1'024
------------------------------------------------------
    Grand Total:               8'082      186    1'259


*******************************************************************************
*** ENTRY LIST
***

Entry                       Address   Size  Type      Object
-----                       -------   ----  ----      ------
.iar.init_table$$Base    0x800'1ef4          --   Gb  - Linker created -
.iar.init_table$$Limit   0x800'1f18          --   Gb  - Linker created -
?main                    0x800'1f39         Code  Gb  cmain.o [6]
AHBPrescTable            0x800'1e20   0x40  Data  Gb  system_stm32g0xx.o [3]
APBPrescTable            0x800'1f18   0x20  Data  Gb  system_stm32g0xx.o [3]
CSTACK$$Base            0x2000'00f0          --   Gb  - Linker created -
CSTACK$$Limit           0x2000'04f0          --   Gb  - Linker created -
Error_Handler            0x800'1659    0x6  Code  Gb  main.o [2]
HAL_GPIO_Init            0x800'1165  0x1c2  Code  Gb  stm32g0xx_hal_gpio.o [4]
HAL_GPIO_WritePin        0x800'1327   0x1a  Code  Gb  stm32g0xx_hal_gpio.o [4]
HAL_GetTick              0x800'0895    0xc  Code  Gb  stm32g0xx_hal.o [4]
HAL_IncTick              0x800'1fb9   0x18  Code  Gb  stm32g0xx_hal.o [4]
HAL_Init                 0x800'1109   0x2c  Code  Gb  stm32g0xx_hal.o [4]
HAL_InitTick             0x800'0981   0x64  Code  Gb  stm32g0xx_hal.o [4]
HAL_MspInit              0x800'0fd1   0x42  Code  Gb  stm32g0xx_hal_msp.o [2]
HAL_NVIC_SetPriority     0x800'0aa9   0x14  Code  Gb  stm32g0xx_hal_cortex.o [4]
HAL_PWREx_ControlVoltageScaling
                         0x800'18f9   0x44  Code  Gb  stm32g0xx_hal_pwr_ex.o [4]
HAL_RCCEx_PeriphCLKConfig
                         0x800'1951  0x1ae  Code  Gb  stm32g0xx_hal_rcc_ex.o [4]
HAL_RCC_ClockConfig      0x800'05d1  0x180  Code  Gb  stm32g0xx_hal_rcc.o [4]
HAL_RCC_GetHCLKFreq      0x800'0831    0x6  Code  Gb  stm32g0xx_hal_rcc.o [4]
HAL_RCC_GetPCLK1Freq     0x800'083d   0x20  Code  Gb  stm32g0xx_hal_rcc.o [4]
HAL_RCC_GetSysClockFreq
                         0x800'0765   0xcc  Code  Gb  stm32g0xx_hal_rcc.o [4]
HAL_RCC_OscConfig        0x800'00c9  0x4ec  Code  Gb  stm32g0xx_hal_rcc.o [4]
HAL_SYSCFG_StrobeDBattpinsConfig
                         0x800'1135   0x10  Code  Gb  stm32g0xx_hal.o [4]
HAL_SYSTICK_Config       0x800'0abd    0xc  Code  Gb  stm32g0xx_hal_cortex.o [4]
HAL_TIMEx_ConfigBreakDeadTime
                         0x800'1ba5   0xaa  Code  Gb  stm32g0xx_hal_tim_ex.o [4]
HAL_TIMEx_MasterConfigSynchronization
                         0x800'1b2d   0x76  Code  Gb  stm32g0xx_hal_tim_ex.o [4]
HAL_TIM_Encoder_Init     0x800'1661   0xc6  Code  Gb  stm32g0xx_hal_tim.o [4]
HAL_TIM_Encoder_MspInit
                         0x800'1013   0x72  Code  Gb  stm32g0xx_hal_msp.o [2]
HAL_TIM_Encoder_Start    0x800'172d   0xfe  Code  Gb  stm32g0xx_hal_tim.o [4]
HAL_UARTEx_DisableFifoMode
                         0x800'1c8d   0x48  Code  Gb  stm32g0xx_hal_uart_ex.o [4]
HAL_UARTEx_SetRxFifoThreshold
                         0x800'1d2b   0x56  Code  Gb  stm32g0xx_hal_uart_ex.o [4]
HAL_UARTEx_SetTxFifoThreshold
                         0x800'1cd5   0x56  Code  Gb  stm32g0xx_hal_uart_ex.o [4]
HAL_UART_Init            0x800'0add   0x7e  Code  Gb  stm32g0xx_hal_uart.o [4]
HAL_UART_MspInit         0x800'1085   0x70  Code  Gb  stm32g0xx_hal_msp.o [2]
HardFault_Handler        0x800'1fd5    0x4  Code  Gb  stm32g0xx_it.o [2]
LL_RCC_GetAPB1Prescaler
                         0x800'00b9    0xc  Code  Lc  stm32g0xx_hal_rcc.o [4]
MX_GPIO_Init             0x800'15b7   0x82  Code  Lc  main.o [2]
MX_TIM1_Init             0x800'1479   0xb8  Code  Lc  main.o [2]
MX_USART2_UART_Init      0x800'1531   0x86  Code  Lc  main.o [2]
NMI_Handler              0x800'1fd1    0x4  Code  Gb  stm32g0xx_it.o [2]
PendSV_Handler           0x800'1fdb    0x2  Code  Gb  stm32g0xx_it.o [2]
Region$$Table$$Base      0x800'1ef4          --   Gb  - Linker created -
Region$$Table$$Limit     0x800'1f18          --   Gb  - Linker created -
SVC_Handler              0x800'1fd9    0x2  Code  Gb  stm32g0xx_it.o [2]
SysTick_Config           0x800'0a77   0x32  Code  Lc  stm32g0xx_hal_cortex.o [4]
SysTick_Handler          0x800'1fdd    0x8  Code  Gb  stm32g0xx_it.o [2]
SystemClock_Config       0x800'13d9   0xa0  Code  Gb  main.o [2]
SystemCoreClock         0x2000'0004    0x4  Data  Gb  system_stm32g0xx.o [3]
SystemInit               0x800'1ff5    0xa  Code  Gb  system_stm32g0xx.o [3]
TIM_Base_SetConfig       0x800'1839   0x7a  Code  Gb  stm32g0xx_hal_tim.o [4]
TIM_CCxChannelCmd        0x800'18d1   0x26  Code  Gb  stm32g0xx_hal_tim.o [4]
UARTEx_SetNbDataToProcess
                         0x800'1d89   0x90  Code  Lc  stm32g0xx_hal_uart_ex.o [4]
UARTPrescTable           0x800'1fa0   0x18  Data  Gb  stm32g0xx_hal_uart.o [4]
UART_AdvFeatureConfig    0x800'0d81   0xde  Code  Gb  stm32g0xx_hal_uart.o [4]
UART_CheckIdleState      0x800'0e69   0x6e  Code  Gb  stm32g0xx_hal_uart.o [4]
UART_SetConfig           0x800'0b61  0x20e  Code  Gb  stm32g0xx_hal_uart.o [4]
UART_WaitOnFlagUntilTimeout
                         0x800'0ee5   0xb6  Code  Gb  stm32g0xx_hal_uart.o [4]
__ICFEDIT_region_RAM_end__ {Abs}
                        0x2000'8fff         Data  Gb  <internal module>
__ICFEDIT_region_RAM_start__ {Abs}
                        0x2000'0000         Data  Gb  <internal module>
__NVIC_SetPriority       0x800'09e9   0x8e  Code  Lc  stm32g0xx_hal_cortex.o [4]
__aeabi_idiv             0x800'08cd         Code  Gb  I32DivModFast.o [6]
__aeabi_idiv0            0x800'09e5         Code  Gb  IntDivZer.o [6]
__aeabi_idivmod          0x800'08cd         Code  Gb  I32DivModFast.o [6]
__aeabi_memset           0x800'1361         Code  Gb  ABImemset.o [6]
__aeabi_uidiv            0x800'08d3         Code  Gb  I32DivModFast.o [6]
__aeabi_uidivmod         0x800'08d3         Code  Gb  I32DivModFast.o [6]
__cmain                  0x800'1f39         Code  Gb  cmain.o [6]
__exit                   0x800'1f71   0x14  Code  Gb  exit.o [7]
__iar_Memset4_word       0x800'1381         Code  Gb  ABImemset.o [6]
__iar_Memset_word        0x800'136d         Code  Gb  ABImemset.o [6]
__iar_copy_init3         0x800'1e9d   0x30  Code  Gb  copy_init3.o [6]
__iar_data_init3         0x800'1ecd   0x28  Code  Gb  data_init.o [6]
__iar_program_start      0x800'1f85         Code  Gb  cstartup_M.o [6]
__iar_zero_init3         0x800'1e61   0x3c  Code  Gb  zero_init3.o [6]
__low_level_init         0x800'1f57    0x4  Code  Gb  low_level_init.o [5]
__vector_table           0x800'0000         Data  Gb  startup_stm32g070xx.o [1]
_call_main               0x800'1f45         Code  Gb  cmain.o [6]
_exit                    0x800'1f65         Code  Gb  cexit.o [6]
counter                 0x2000'00ec    0x2  Data  Gb  main.o [2]
exit                     0x800'1f5b    0x8  Code  Gb  exit.o [5]
htim1                   0x2000'009c   0x4c  Data  Gb  main.o [2]
huart2                  0x2000'000c   0x90  Data  Gb  main.o [2]
main                     0x800'13b1   0x28  Code  Gb  main.o [2]
memset                   0x800'1151   0x14  Code  Gb  memset.o [6]
uwTick                  0x2000'00e8    0x4  Data  Gb  stm32g0xx_hal.o [4]
uwTickFreq              0x2000'0008    0x1  Data  Gb  stm32g0xx_hal.o [4]
uwTickPrio              0x2000'0000    0x4  Data  Gb  stm32g0xx_hal.o [4]


[1] = C:\Users\charl\Documents\gitrepos\ELEN509\Projects\FinalProject\EWARM\FinalProject\Obj\Application\EWARM
[2] = C:\Users\charl\Documents\gitrepos\ELEN509\Projects\FinalProject\EWARM\FinalProject\Obj\Application\User\Core
[3] = C:\Users\charl\Documents\gitrepos\ELEN509\Projects\FinalProject\EWARM\FinalProject\Obj\Drivers\CMSIS
[4] = C:\Users\charl\Documents\gitrepos\ELEN509\Projects\FinalProject\EWARM\FinalProject\Obj\Drivers\STM32G0xx_HAL_Driver
[5] = dl6M_tln.a
[6] = rt6M_tl.a
[7] = shb_l.a

  8'082 bytes of readonly  code memory
    186 bytes of readonly  data memory
  1'259 bytes of readwrite data memory

Errors: none
Warnings: none
