###############################################################################
#
# IAR ELF Linker V9.10.1.308/W64 for ARM                  05/May/2021  20:53:44
# Copyright 2007-2021 IAR Systems AB.
#
#    Output file  =  G:\My Drive\Y4Q3\ELEN 509\Lab 2\EWARM\Lab_2\Exe\Lab_2.out
#    Map file     =  G:\My Drive\Y4Q3\ELEN 509\Lab 2\EWARM\Lab_2\List\Lab_2.map
#    Command line =
#        -f "G:\My Drive\Y4Q3\ELEN 509\Lab 2\EWARM\Lab_2\Exe\Lab_2.out.rsp"
#        ("G:\My Drive\Y4Q3\ELEN 509\Lab
#        2\EWARM\Lab_2\Obj\Application\User\main.o" "G:\My Drive\Y4Q3\ELEN
#        509\Lab 2\EWARM\Lab_2\Obj\Application\EWARM\startup_stm32g070xx.o"
#        "G:\My Drive\Y4Q3\ELEN 509\Lab
#        2\EWARM\Lab_2\Obj\Drivers\STM32G0xx_HAL_Driver\stm32g0xx_hal.o" "G:\My
#        Drive\Y4Q3\ELEN 509\Lab
#        2\EWARM\Lab_2\Obj\Drivers\STM32G0xx_HAL_Driver\stm32g0xx_hal_cortex.o"
#        "G:\My Drive\Y4Q3\ELEN 509\Lab
#        2\EWARM\Lab_2\Obj\Drivers\STM32G0xx_HAL_Driver\stm32g0xx_hal_dma.o"
#        "G:\My Drive\Y4Q3\ELEN 509\Lab
#        2\EWARM\Lab_2\Obj\Drivers\STM32G0xx_HAL_Driver\stm32g0xx_hal_dma_ex.o"
#        "G:\My Drive\Y4Q3\ELEN 509\Lab
#        2\EWARM\Lab_2\Obj\Drivers\STM32G0xx_HAL_Driver\stm32g0xx_hal_exti.o"
#        "G:\My Drive\Y4Q3\ELEN 509\Lab
#        2\EWARM\Lab_2\Obj\Drivers\STM32G0xx_HAL_Driver\stm32g0xx_hal_flash.o"
#        "G:\My Drive\Y4Q3\ELEN 509\Lab
#        2\EWARM\Lab_2\Obj\Drivers\STM32G0xx_HAL_Driver\stm32g0xx_hal_flash_ex.o"
#        "G:\My Drive\Y4Q3\ELEN 509\Lab
#        2\EWARM\Lab_2\Obj\Drivers\STM32G0xx_HAL_Driver\stm32g0xx_hal_gpio.o"
#        "G:\My Drive\Y4Q3\ELEN 509\Lab
#        2\EWARM\Lab_2\Obj\Application\User\stm32g0xx_hal_msp.o" "G:\My
#        Drive\Y4Q3\ELEN 509\Lab
#        2\EWARM\Lab_2\Obj\Drivers\STM32G0xx_HAL_Driver\stm32g0xx_hal_pwr.o"
#        "G:\My Drive\Y4Q3\ELEN 509\Lab
#        2\EWARM\Lab_2\Obj\Drivers\STM32G0xx_HAL_Driver\stm32g0xx_hal_pwr_ex.o"
#        "G:\My Drive\Y4Q3\ELEN 509\Lab
#        2\EWARM\Lab_2\Obj\Drivers\STM32G0xx_HAL_Driver\stm32g0xx_hal_rcc.o"
#        "G:\My Drive\Y4Q3\ELEN 509\Lab
#        2\EWARM\Lab_2\Obj\Drivers\STM32G0xx_HAL_Driver\stm32g0xx_hal_rcc_ex.o"
#        "G:\My Drive\Y4Q3\ELEN 509\Lab
#        2\EWARM\Lab_2\Obj\Drivers\STM32G0xx_HAL_Driver\stm32g0xx_hal_tim.o"
#        "G:\My Drive\Y4Q3\ELEN 509\Lab
#        2\EWARM\Lab_2\Obj\Drivers\STM32G0xx_HAL_Driver\stm32g0xx_hal_tim_ex.o"
#        "G:\My Drive\Y4Q3\ELEN 509\Lab
#        2\EWARM\Lab_2\Obj\Drivers\STM32G0xx_HAL_Driver\stm32g0xx_hal_uart.o"
#        "G:\My Drive\Y4Q3\ELEN 509\Lab
#        2\EWARM\Lab_2\Obj\Drivers\STM32G0xx_HAL_Driver\stm32g0xx_hal_uart_ex.o"
#        "G:\My Drive\Y4Q3\ELEN 509\Lab
#        2\EWARM\Lab_2\Obj\Application\User\stm32g0xx_it.o" "G:\My
#        Drive\Y4Q3\ELEN 509\Lab
#        2\EWARM\Lab_2\Obj\Drivers\STM32G0xx_HAL_Driver\stm32g0xx_ll_rcc.o"
#        "G:\My Drive\Y4Q3\ELEN 509\Lab
#        2\EWARM\Lab_2\Obj\Drivers\CMSIS\system_stm32g0xx.o" --redirect
#        _Printf=_PrintfFull --redirect _Scanf=_ScanfFull --no_out_extension -o
#        "G:\My Drive\Y4Q3\ELEN 509\Lab 2\EWARM\Lab_2\Exe\Lab_2.out" --map
#        "G:\My Drive\Y4Q3\ELEN 509\Lab 2\EWARM\Lab_2\List\Lab_2.map" --config
#        "G:\My Drive\Y4Q3\ELEN 509\Lab 2\EWARM/stm32g070xx_flash.icf"
#        --semihosting --entry __iar_program_start --vfe --text_out locale)
#
###############################################################################

*******************************************************************************
*** RUNTIME MODEL ATTRIBUTES
***

CppFlavor       = *
__SystemLibrary = DLib
__dlib_version  = 6


*******************************************************************************
*** HEAP SELECTION
***

The basic heap was selected because some modules are built with
size limitations (and not runtime checking), and --advanced_heap
was not specified.


*******************************************************************************
*** PLACEMENT SUMMARY
***

"A0":  place at address 0x800'0000 { ro section .intvec };
"P1":  place in [from 0x800'0000 to 0x801'ffff] { ro };
define block CSTACK with size = 1K, alignment = 8 { };
define block HEAP with size = 512, alignment = 8 { };
"P2":  place in [from 0x2000'0000 to 0x2000'8fff] {
          rw, block CSTACK, block HEAP };
initialize by copy { rw };

  Section            Kind         Address    Size  Object
  -------            ----         -------    ----  ------
"A0":                                        0xb8
  .intvec            ro code   0x800'0000    0xb8  startup_stm32g070xx.o [1]
                             - 0x800'00b8    0xb8

"P1":                                      0x236e
  .text              ro code   0x800'00b8   0x77e  stm32g0xx_hal_tim.o [4]
  .text              ro code   0x800'0836     0x2  startup_stm32g070xx.o [1]
  .text              ro code   0x800'0838   0x158  stm32g0xx_hal_msp.o [2]
  .text              ro code   0x800'0990    0x8c  stm32g0xx_hal_dma.o [4]
  .text              ro code   0x800'0a1c     0x2  stm32g0xx_hal_tim.o [4]
  .text              ro code   0x800'0a1e     0x2  stm32g0xx_hal_tim.o [4]
  .text              ro code   0x800'0a20     0x2  stm32g0xx_hal_tim.o [4]
  .text              ro code   0x800'0a22     0x2  stm32g0xx_hal_tim.o [4]
  .text              ro code   0x800'0a24     0x2  stm32g0xx_hal_tim_ex.o [4]
  .text              ro code   0x800'0a26     0x2  stm32g0xx_hal_tim_ex.o [4]
  .text              ro code   0x800'0a28     0x2  stm32g0xx_hal_tim.o [4]
  .text              ro code   0x800'0a2a     0x2  stm32g0xx_hal_tim_ex.o [4]
  .text              ro code   0x800'0a2c    0x8c  stm32g0xx_hal_cortex.o [4]
  .text              ro code   0x800'0ab8    0x14  memset.o [6]
  .text              ro code   0x800'0acc   0x16c  stm32g0xx_hal_gpio.o [4]
  .text              ro code   0x800'0c38    0x4e  ABImemset.o [6]
  .text              ro code   0x800'0c86     0x2  startup_stm32g070xx.o [1]
  .text              ro code   0x800'0c88   0x694  stm32g0xx_hal_uart.o [4]
  .text              ro code   0x800'131c   0x5fc  stm32g0xx_hal_rcc.o [4]
  .text              ro code   0x800'1918    0x5e  I32DivMod.o [6]
  .text              ro code   0x800'1976     0x2  startup_stm32g070xx.o [1]
  .text              ro code   0x800'1978     0xc  stm32g0xx_hal.o [4]
  .text              ro code   0x800'1984    0x4c  stm32g0xx_hal.o [4]
  .text              ro code   0x800'19d0     0x2  IntDivZer.o [6]
  .text              ro code   0x800'19d2     0x2  startup_stm32g070xx.o [1]
  .text              ro code   0x800'19d4   0x3f8  main.o [2]
  .text              ro code   0x800'1dcc    0x28  stm32g0xx_hal.o [4]
  .text              ro code   0x800'1df4   0x130  stm32g0xx_hal_uart_ex.o [4]
  .text              ro code   0x800'1f24   0x118  stm32g0xx_hal_tim_ex.o [4]
  .text              ro code   0x800'203c    0x28  stm32g0xx_hal.o [4]
  .text              ro code   0x800'2064    0x4c  stm32g0xx_hal_pwr_ex.o [4]
  .text              ro code   0x800'20b0   0x164  stm32g0xx_hal_rcc_ex.o [4]
  .rodata            const     0x800'2214    0x40  system_stm32g0xx.o [3]
  .text              ro code   0x800'2254    0x3c  zero_init3.o [6]
  .text              ro code   0x800'2290    0x30  copy_init3.o [6]
  .text              ro code   0x800'22c0    0x2c  stm32g0xx_it.o [2]
  .text              ro code   0x800'22ec    0x10  stm32g0xx_hal.o [4]
  .text              ro code   0x800'22fc    0x28  data_init.o [6]
  .iar.init_table    const     0x800'2324    0x24  - Linker created -
  .rodata            const     0x800'2348    0x20  system_stm32g0xx.o [3]
  .text              ro code   0x800'2368    0x1e  cmain.o [6]
  .text              ro code   0x800'2386     0x4  low_level_init.o [5]
  .text              ro code   0x800'238a     0x8  exit.o [5]
  .text              ro code   0x800'2392     0x2  startup_stm32g070xx.o [1]
  .text              ro code   0x800'2394     0xa  cexit.o [6]
  .text              ro code   0x800'239e     0x2  startup_stm32g070xx.o [1]
  .text              ro code   0x800'23a0    0x14  exit.o [7]
  .text              ro code   0x800'23b4    0x1c  cstartup_M.o [6]
  .text              ro code   0x800'23d0    0x10  startup_stm32g070xx.o [1]
  .text              ro code   0x800'23e0    0x10  system_stm32g0xx.o [3]
  Initializer bytes  const     0x800'23f0    0x10  <for P2-1>
  .text              ro code   0x800'2400     0x2  startup_stm32g070xx.o [1]
  .text              ro code   0x800'2402     0x2  startup_stm32g070xx.o [1]
  .text              ro code   0x800'2404     0x2  startup_stm32g070xx.o [1]
  .text              ro code   0x800'2406     0x2  startup_stm32g070xx.o [1]
  .text              ro code   0x800'2408     0x2  startup_stm32g070xx.o [1]
  .text              ro code   0x800'240a     0x2  startup_stm32g070xx.o [1]
  .text              ro code   0x800'240c     0x2  startup_stm32g070xx.o [1]
  .text              ro code   0x800'240e     0x2  startup_stm32g070xx.o [1]
  .text              ro code   0x800'2410     0x2  startup_stm32g070xx.o [1]
  .text              ro code   0x800'2412     0x2  startup_stm32g070xx.o [1]
  .text              ro code   0x800'2414     0x2  startup_stm32g070xx.o [1]
  .text              ro code   0x800'2416     0x2  startup_stm32g070xx.o [1]
  .text              ro code   0x800'2418     0x2  startup_stm32g070xx.o [1]
  .text              ro code   0x800'241a     0x2  startup_stm32g070xx.o [1]
  .text              ro code   0x800'241c     0x2  startup_stm32g070xx.o [1]
  .text              ro code   0x800'241e     0x2  startup_stm32g070xx.o [1]
  .text              ro code   0x800'2420     0x2  startup_stm32g070xx.o [1]
  .text              ro code   0x800'2422     0x2  startup_stm32g070xx.o [1]
  .text              ro code   0x800'2424     0x2  startup_stm32g070xx.o [1]
  .rodata            const     0x800'2426     0x0  zero_init3.o [6]
  .rodata            const     0x800'2426     0x0  copy_init3.o [6]
                             - 0x800'2426  0x236e

"P2", part 1 of 3:                           0x10
  P2-1                        0x2000'0000    0x10  <Init block>
    .data            inited   0x2000'0000     0xc  stm32g0xx_hal.o [4]
    .data            inited   0x2000'000c     0x4  system_stm32g0xx.o [3]
                            - 0x2000'0010    0x10

"P2", part 2 of 3:                          0x10c
  .bss               zero     0x2000'0010    0x8c  main.o [2]
  .bss               zero     0x2000'009c    0x40  main.o [2]
  .bss               zero     0x2000'00dc    0x40  main.o [2]
                            - 0x2000'011c   0x10c

"P2", part 3 of 3:                          0x400
  CSTACK                      0x2000'0120   0x400  <Block>
    CSTACK           uninit   0x2000'0120   0x400  <Block tail>
                            - 0x2000'0520   0x400

Unused ranges:

         From           To      Size
         ----           --      ----
   0x800'2426   0x801'ffff  0x1'dbda
  0x2000'011c  0x2000'011f       0x4
  0x2000'0520  0x2000'8fff    0x8ae0


*******************************************************************************
*** INIT TABLE
***

          Address      Size
          -------      ----
Zero (__iar_zero_init3)
    1 destination range, total size 0x10c:
          0x2000'0010  0x10c

Copy (__iar_copy_init3)
    1 source range, total size 0x10:
           0x800'23f0   0x10
    1 destination range, total size 0x10:
          0x2000'0000   0x10



*******************************************************************************
*** MODULE SUMMARY
***

    Module                   ro code  ro data  rw data
    ------                   -------  -------  -------
command line/config:
    --------------------------------------------------
    Total:

G:\My Drive\Y4Q3\ELEN 509\Lab 2\EWARM\Lab_2\Obj\Application\EWARM: [1]
    startup_stm32g070xx.o        250
    --------------------------------------------------
    Total:                       250

G:\My Drive\Y4Q3\ELEN 509\Lab 2\EWARM\Lab_2\Obj\Application\User: [2]
    main.o                     1'016               268
    stm32g0xx_hal_msp.o          344
    stm32g0xx_it.o                44
    --------------------------------------------------
    Total:                     1'404               268

G:\My Drive\Y4Q3\ELEN 509\Lab 2\EWARM\Lab_2\Obj\Drivers\CMSIS: [3]
    system_stm32g0xx.o            16      100        4
    --------------------------------------------------
    Total:                        16      100        4

G:\My Drive\Y4Q3\ELEN 509\Lab 2\EWARM\Lab_2\Obj\Drivers\STM32G0xx_HAL_Driver: [4]
    stm32g0xx_hal.o              184       12       12
    stm32g0xx_hal_cortex.o       140
    stm32g0xx_hal_dma.o          140
    stm32g0xx_hal_gpio.o         364
    stm32g0xx_hal_pwr_ex.o        76
    stm32g0xx_hal_rcc.o        1'532
    stm32g0xx_hal_rcc_ex.o       356
    stm32g0xx_hal_tim.o        1'928
    stm32g0xx_hal_tim_ex.o       286
    stm32g0xx_hal_uart.o       1'684
    stm32g0xx_hal_uart_ex.o      304
    --------------------------------------------------
    Total:                     6'994       12       12

dl6M_tln.a: [5]
    exit.o                         8
    low_level_init.o               4
    --------------------------------------------------
    Total:                        12

rt6M_tl.a: [6]
    ABImemset.o                   78
    I32DivMod.o                   94
    IntDivZer.o                    2
    cexit.o                       10
    cmain.o                       30
    copy_init3.o                  48
    cstartup_M.o                  28
    data_init.o                   40
    memset.o                      20
    zero_init3.o                  60
    --------------------------------------------------
    Total:                       410

shb_l.a: [7]
    exit.o                        20
    --------------------------------------------------
    Total:                        20

    Linker created                         36    1'024
------------------------------------------------------
    Grand Total:               9'106      148    1'308


*******************************************************************************
*** ENTRY LIST
***

Entry                       Address   Size  Type      Object
-----                       -------   ----  ----      ------
.iar.init_table$$Base    0x800'2324          --   Gb  - Linker created -
.iar.init_table$$Limit   0x800'2348          --   Gb  - Linker created -
?main                    0x800'2369         Code  Gb  cmain.o [6]
AHBPrescTable            0x800'2214   0x40  Data  Gb  system_stm32g0xx.o [3]
APBPrescTable            0x800'2348   0x20  Data  Gb  system_stm32g0xx.o [3]
CSTACK$$Base            0x2000'0120          --   Gb  - Linker created -
CSTACK$$Limit           0x2000'0520          --   Gb  - Linker created -
HAL_DMA_Abort_IT         0x800'0991   0x80  Code  Gb  stm32g0xx_hal_dma.o [4]
HAL_Delay                0x800'203d   0x28  Code  Gb  stm32g0xx_hal.o [4]
HAL_GPIO_Init            0x800'0acd  0x13c  Code  Gb  stm32g0xx_hal_gpio.o [4]
HAL_GPIO_ReadPin         0x800'0c09    0xc  Code  Gb  stm32g0xx_hal_gpio.o [4]
HAL_GPIO_WritePin        0x800'0c15    0xc  Code  Gb  stm32g0xx_hal_gpio.o [4]
HAL_GetTick              0x800'1979    0xc  Code  Gb  stm32g0xx_hal.o [4]
HAL_IncTick              0x800'22ed   0x10  Code  Gb  stm32g0xx_hal.o [4]
HAL_Init                 0x800'1dcd   0x24  Code  Gb  stm32g0xx_hal.o [4]
HAL_InitTick             0x800'1985   0x4c  Code  Gb  stm32g0xx_hal.o [4]
HAL_MspInit              0x800'0839   0x2a  Code  Gb  stm32g0xx_hal_msp.o [2]
HAL_NVIC_EnableIRQ       0x800'0a6f   0x12  Code  Gb  stm32g0xx_hal_cortex.o [4]
HAL_NVIC_SetPriority     0x800'0a67    0x8  Code  Gb  stm32g0xx_hal_cortex.o [4]
HAL_PWREx_ControlVoltageScaling
                         0x800'2065   0x3a  Code  Gb  stm32g0xx_hal_pwr_ex.o [4]
HAL_RCCEx_PeriphCLKConfig
                         0x800'20b1  0x142  Code  Gb  stm32g0xx_hal_rcc_ex.o [4]
HAL_RCC_ClockConfig      0x800'16ed  0x14e  Code  Gb  stm32g0xx_hal_rcc.o [4]
HAL_RCC_GetPCLK1Freq     0x800'18cf   0x1a  Code  Gb  stm32g0xx_hal_rcc.o [4]
HAL_RCC_GetSysClockFreq
                         0x800'184d   0x82  Code  Gb  stm32g0xx_hal_rcc.o [4]
HAL_RCC_OscConfig        0x800'131d  0x3ba  Code  Gb  stm32g0xx_hal_rcc.o [4]
HAL_SYSTICK_Config       0x800'0a81   0x28  Code  Gb  stm32g0xx_hal_cortex.o [4]
HAL_TIMEx_Break2Callback
                         0x800'0a27    0x2  Code  Gb  stm32g0xx_hal_tim_ex.o [4]
HAL_TIMEx_BreakCallback
                         0x800'0a25    0x2  Code  Gb  stm32g0xx_hal_tim_ex.o [4]
HAL_TIMEx_CommutCallback
                         0x800'0a2b    0x2  Code  Gb  stm32g0xx_hal_tim_ex.o [4]
HAL_TIMEx_ConfigBreakDeadTime
                         0x800'1f77   0x86  Code  Gb  stm32g0xx_hal_tim_ex.o [4]
HAL_TIMEx_MasterConfigSynchronization
                         0x800'1f25   0x52  Code  Gb  stm32g0xx_hal_tim_ex.o [4]
HAL_TIM_IC_CaptureCallback
                         0x800'0a1d    0x2  Code  Gb  stm32g0xx_hal_tim.o [4]
HAL_TIM_IRQHandler       0x800'026d  0x16a  Code  Gb  stm32g0xx_hal_tim.o [4]
HAL_TIM_MspPostInit      0x800'08b7   0x68  Code  Gb  stm32g0xx_hal_msp.o [2]
HAL_TIM_OC_DelayElapsedCallback
                         0x800'0a1f    0x2  Code  Gb  stm32g0xx_hal_tim.o [4]
HAL_TIM_PWM_ConfigChannel
                         0x800'03d7  0x11a  Code  Gb  stm32g0xx_hal_tim.o [4]
HAL_TIM_PWM_Init         0x800'00d1   0x1e  Code  Gb  stm32g0xx_hal_tim.o [4]
HAL_TIM_PWM_MspInit      0x800'0863   0x54  Code  Gb  stm32g0xx_hal_msp.o [2]
HAL_TIM_PWM_PulseFinishedCallback
                         0x800'0a21    0x2  Code  Gb  stm32g0xx_hal_tim.o [4]
HAL_TIM_PWM_Start        0x800'00ef    0x6  Code  Gb  stm32g0xx_hal_tim.o [4]
HAL_TIM_PWM_Start_IT     0x800'00fd    0x2  Code  Gb  stm32g0xx_hal_tim.o [4]
HAL_TIM_PWM_Stop         0x800'00f5    0x8  Code  Gb  stm32g0xx_hal_tim.o [4]
HAL_TIM_PeriodElapsedCallback
                         0x800'0a23    0x2  Code  Gb  stm32g0xx_hal_tim.o [4]
HAL_TIM_TriggerCallback
                         0x800'0a29    0x2  Code  Gb  stm32g0xx_hal_tim.o [4]
HAL_UARTEx_DisableFifoMode
                         0x800'1df5   0x3c  Code  Gb  stm32g0xx_hal_uart_ex.o [4]
HAL_UARTEx_SetRxFifoThreshold
                         0x800'1e65   0x32  Code  Gb  stm32g0xx_hal_uart_ex.o [4]
HAL_UARTEx_SetTxFifoThreshold
                         0x800'1e31   0x34  Code  Gb  stm32g0xx_hal_uart_ex.o [4]
HAL_UART_Init            0x800'0c89   0x56  Code  Gb  stm32g0xx_hal_uart.o [4]
HAL_UART_MspInit         0x800'091f   0x5a  Code  Gb  stm32g0xx_hal_msp.o [2]
HardFault_Handler        0x800'22c3    0x2  Code  Gb  stm32g0xx_it.o [2]
NMI_Handler              0x800'22c1    0x2  Code  Gb  stm32g0xx_it.o [2]
PendSV_Handler           0x800'22c7    0x2  Code  Gb  stm32g0xx_it.o [2]
Region$$Table$$Base      0x800'2324          --   Gb  - Linker created -
Region$$Table$$Limit     0x800'2348          --   Gb  - Linker created -
SVC_Handler              0x800'22c5    0x2  Code  Gb  stm32g0xx_it.o [2]
SysTick_Handler          0x800'22c9    0x8  Code  Gb  stm32g0xx_it.o [2]
SystemClock_Config       0x800'1c39   0x72  Code  Gb  main.o [2]
SystemCoreClock         0x2000'000c    0x4  Data  Gb  system_stm32g0xx.o [3]
SystemInit               0x800'23e1    0xa  Code  Gb  system_stm32g0xx.o [3]
TIM15_IRQHandler         0x800'22db    0xa  Code  Gb  stm32g0xx_it.o [2]
TIM3_IRQHandler          0x800'22d1    0xa  Code  Gb  stm32g0xx_it.o [2]
TIM_Base_SetConfig       0x800'04fd   0x70  Code  Gb  stm32g0xx_hal_tim.o [4]
TIM_CCxChannelCmd        0x800'081d   0x1a  Code  Gb  stm32g0xx_hal_tim.o [4]
TIM_OC1_SetConfig        0x800'056d   0x74  Code  Lc  stm32g0xx_hal_tim.o [4]
TIM_OC2_SetConfig        0x800'05e3   0x68  Code  Gb  stm32g0xx_hal_tim.o [4]
TIM_OC3_SetConfig        0x800'064b   0x64  Code  Lc  stm32g0xx_hal_tim.o [4]
TIM_OC4_SetConfig        0x800'06af   0x52  Code  Lc  stm32g0xx_hal_tim.o [4]
TIM_OC5_SetConfig        0x800'071d   0x4e  Code  Lc  stm32g0xx_hal_tim.o [4]
TIM_OC6_SetConfig        0x800'0775   0x52  Code  Lc  stm32g0xx_hal_tim.o [4]
UARTEx_SetNbDataToProcess
                         0x800'1eb9   0x5a  Code  Lc  stm32g0xx_hal_uart_ex.o [4]
UART_AdvFeatureConfig    0x800'1149   0xc8  Code  Gb  stm32g0xx_hal_uart.o [4]
UART_CheckIdleState      0x800'121d   0x5e  Code  Gb  stm32g0xx_hal_uart.o [4]
UART_SetConfig           0x800'0cf5  0x444  Code  Gb  stm32g0xx_hal_uart.o [4]
UART_WaitOnFlagUntilTimeout
                         0x800'127b   0x68  Code  Gb  stm32g0xx_hal_uart.o [4]
__ICFEDIT_region_RAM_end__ {Abs}
                        0x2000'8fff         Data  Gb  <internal module>
__ICFEDIT_region_RAM_start__ {Abs}
                        0x2000'0000         Data  Gb  <internal module>
__NVIC_SetPriority       0x800'0a2d   0x3a  Code  Lc  stm32g0xx_hal_cortex.o [4]
__aeabi_idiv0            0x800'19d1         Code  Gb  IntDivZer.o [6]
__aeabi_memset           0x800'0c39         Code  Gb  ABImemset.o [6]
__cmain                  0x800'2369         Code  Gb  cmain.o [6]
__exit                   0x800'23a1   0x14  Code  Gb  exit.o [7]
__iar_Memset4_word       0x800'0c59         Code  Gb  ABImemset.o [6]
__iar_Memset_word        0x800'0c45         Code  Gb  ABImemset.o [6]
__iar_copy_init3         0x800'2291   0x30  Code  Gb  copy_init3.o [6]
__iar_data_init3         0x800'22fd   0x28  Code  Gb  data_init.o [6]
__iar_program_start      0x800'23b5         Code  Gb  cstartup_M.o [6]
__iar_small_idiv         0x800'1919         Code  Gb  I32DivMod.o [6]
__iar_small_idivmod      0x800'1919         Code  Gb  I32DivMod.o [6]
__iar_small_uidiv        0x800'1941         Code  Gb  I32DivMod.o [6]
__iar_small_uidivmod     0x800'1941         Code  Gb  I32DivMod.o [6]
__iar_zero_init3         0x800'2255   0x3c  Code  Gb  zero_init3.o [6]
__low_level_init         0x800'2387    0x4  Code  Gb  low_level_init.o [5]
__vector_table           0x800'0000         Data  Gb  startup_stm32g070xx.o [1]
_call_main               0x800'2375         Code  Gb  cmain.o [6]
_exit                    0x800'2395         Code  Gb  cexit.o [6]
exit                     0x800'238b    0x8  Code  Gb  exit.o [5]
htim15                  0x2000'00dc   0x40  Data  Gb  main.o [2]
htim3                   0x2000'009c   0x40  Data  Gb  main.o [2]
huart2                  0x2000'0010   0x8c  Data  Gb  main.o [2]
main                     0x800'19d5  0x264  Code  Gb  main.o [2]
memset                   0x800'0ab9   0x14  Code  Gb  memset.o [6]
setDirection             0x800'1ced   0xba  Code  Gb  main.o [2]
setSpeed                 0x800'1cab   0x3c  Code  Gb  main.o [2]
uwTick                  0x2000'0000    0x4  Data  Gb  stm32g0xx_hal.o [4]
uwTickFreq              0x2000'0008    0x4  Data  Gb  stm32g0xx_hal.o [4]
uwTickPrio              0x2000'0004    0x4  Data  Gb  stm32g0xx_hal.o [4]


[1] = G:\My Drive\Y4Q3\ELEN 509\Lab 2\EWARM\Lab_2\Obj\Application\EWARM
[2] = G:\My Drive\Y4Q3\ELEN 509\Lab 2\EWARM\Lab_2\Obj\Application\User
[3] = G:\My Drive\Y4Q3\ELEN 509\Lab 2\EWARM\Lab_2\Obj\Drivers\CMSIS
[4] = G:\My Drive\Y4Q3\ELEN 509\Lab 2\EWARM\Lab_2\Obj\Drivers\STM32G0xx_HAL_Driver
[5] = dl6M_tln.a
[6] = rt6M_tl.a
[7] = shb_l.a

  9'106 bytes of readonly  code memory
    148 bytes of readonly  data memory
  1'308 bytes of readwrite data memory

Errors: none
Warnings: none
